ok: added task-x1 (ship, repo project) -> Queued
task:
  id: task-x1
  title: Disposable work
  state: queued
  blocked: no
  blocked_by: none
  held: no
  hold_reason: "-"
  hold_kind: "-"
  hold_until: "-"
  kind: ship
  repo: project
  priority: "-"
  created: 2026-10-08
  closed: "-"
  deps: none
  links: none
  body: ""
help[2]:
  - Run `tasks-axi start task-x1` to move it to in flight
  - Run `tasks-axi block task-x1 --by <other>` to record a dependency

lease 🌳 Setting up worktree...
🌳 Leased worktree at /home/dimas/.no-mistakes/worktrees/a38bb9f09f5e/01M4DS4Q9EA0N68CM3Q1SX7CMA/.live-validation/cleanup-opened/pool/.treehouse/project-64ff3c/1/project. Run 'treehouse return /home/dimas/.no-mistakes/worktrees/a38bb9f09f5e/01M4DS4Q9EA0N68CM3Q1SX7CMA/.live-validation/cleanup-opened/pool/.treehouse/project-64ff3c/1/project' to release it.
{"path":"/home/dimas/.no-mistakes/worktrees/a38bb9f09f5e/01M4DS4Q9EA0N68CM3Q1SX7CMA/.live-validation/cleanup-opened/pool/.treehouse/project-64ff3c/1/project","lease_id":"29774697490c8b11ae962bc42a89d5c6","lease_holder":"","leased_at":"2026-10-08T10:16:32.533768308-03:00","base_branch":"main"}

{'head_missing_before': False, 'head_present_after': True, 'name': 'cleanup-opened', 'exit': 1, 'output': "fm-gate-refuse: gate agent lifecycle permitted only against lab home /home/dimas/.no-mistakes/worktrees/a38bb9f09f5e/01M4DS4Q9EA0N68CM3Q1SX7CMA/.live-validation/cleanup-opened\n●━━━━━━━━━━━━━━━━━━━━━━━━━━━━━━━━━━━━━━━━━━━━━━━━━━━━━━━━━━━━━━━━━━━━━━━\n●  WATCHER DOWN - SUPERVISION IS OFF\n●  1 task(s) in flight, but no watcher has a fresh beacon (last beat: never, grace 300s).\n●  Trust the emitted supervision protocol for this harness; do not use shell & for watcher repair.\n●  This is a supervision warning only; the guarded operation WILL still run.\n●  repair missing watcher supervision according to the session-start block for this harness; do not use shell &.\n●━━━━━━━━━━━━━━━━━━━━━━━━━━━━━━━━━━━━━━━━━━━━━━━━━━━━━━━━━━━━━━━━━━━━━━━\nREFUSED: worktree /home/dimas/.no-mistakes/worktrees/a38bb9f09f5e/01M4DS4Q9EA0N68CM3Q1SX7CMA/.live-validation/cleanup-opened/pool/.treehouse/project-64ff3c/1/project has work not on any remote and not landed.\nunpushed commits:\na84b63b work\nPush the branch, land its PR, or get the captain's explicit OK to discard, then --force.\n", 'requests': [{'method': 'GET', 'path': '/api/v4/projects/group%2Fproject/merge_requests/7?include_diverged_commits_count=true&include_rebase_in_progress=true&render_html=true', 'body': ''}, {'method': 'GET', 'path': '/api/v4/projects/group%2Fproject/merge_requests/7/approval_state', 'body': ''}], 'meta_retained': True, 'backlog': '## In flight\n\n## Queued\n- [ ] task-x1 - Disposable work (repo: project) (kind: ship) (since 2026-10-08)\n\n## Done\n'}
ok: added task-x1 (ship, repo project) -> Queued
task:
  id: task-x1
  title: Disposable work
  state: queued
  blocked: no
  blocked_by: none
  held: no
  hold_reason: "-"
  hold_kind: "-"
  hold_until: "-"
  kind: ship
  repo: project
  priority: "-"
  created: 2026-10-08
  closed: "-"
  deps: none
  links: none
  body: ""
help[2]:
  - Run `tasks-axi start task-x1` to move it to in flight
  - Run `tasks-axi block task-x1 --by <other>` to record a dependency

lease A new version of treehouse is available: v3.1.1 → v3.1.2
Run "treehouse update" to update

🌳 Setting up worktree...
🌳 Leased worktree at /home/dimas/.no-mistakes/worktrees/a38bb9f09f5e/01M4DS4Q9EA0N68CM3Q1SX7CMA/.live-validation/cleanup-merged/pool/.treehouse/project-727c13/1/project. Run 'treehouse return /home/dimas/.no-mistakes/worktrees/a38bb9f09f5e/01M4DS4Q9EA0N68CM3Q1SX7CMA/.live-validation/cleanup-merged/pool/.treehouse/project-727c13/1/project' to release it.
{"path":"/home/dimas/.no-mistakes/worktrees/a38bb9f09f5e/01M4DS4Q9EA0N68CM3Q1SX7CMA/.live-validation/cleanup-merged/pool/.treehouse/project-727c13/1/project","lease_id":"7d6660952ae4f8ab833866bb4773874b","lease_holder":"","leased_at":"2026-10-08T10:16:34.055304194-03:00","base_branch":"main"}

{'head_missing_before': False, 'head_present_after': True, 'name': 'cleanup-merged', 'exit': 0, 'output': 'fm-gate-refuse: gate agent lifecycle permitted only against lab home /home/dimas/.no-mistakes/worktrees/a38bb9f09f5e/01M4DS4Q9EA0N68CM3Q1SX7CMA/.live-validation/cleanup-merged\n●━━━━━━━━━━━━━━━━━━━━━━━━━━━━━━━━━━━━━━━━━━━━━━━━━━━━━━━━━━━━━━━━━━━━━━━\n●  WATCHER DOWN - SUPERVISION IS OFF\n●  1 task(s) in flight, but no watcher has a fresh beacon (last beat: never, grace 300s).\n●  Trust the emitted supervision protocol for this harness; do not use shell & for watcher repair.\n●  This is a supervision warning only; the guarded operation WILL still run.\n●  repair missing watcher supervision according to the session-start block for this harness; do not use shell &.\n●━━━━━━━━━━━━━━━━━━━━━━━━━━━━━━━━━━━━━━━━━━━━━━━━━━━━━━━━━━━━━━━━━━━━━━━\nA new version of treehouse is available: v3.1.1 → v3.1.2\nRun "treehouse update" to update\n\n🌳 Worktree returned to pool.\nproject: already current\nteardown task-x1 complete (window none, worktree /home/dimas/.no-mistakes/worktrees/a38bb9f09f5e/01M4DS4Q9EA0N68CM3Q1SX7CMA/.live-validation/cleanup-merged/pool/.treehouse/project-727c13/1/project, legacy record accepted without spawn_gen: endpoint missing, incarnation legacy-20261008T131635Z-842379)\nBacklog: task-x1 is closed in /home/dimas/.no-mistakes/worktrees/a38bb9f09f5e/01M4DS4Q9EA0N68CM3Q1SX7CMA/.live-validation/cleanup-merged/data/backlog.md. Run bin/fm-tasks-axi.sh ready for dependency-cleared candidates, check date gates, and dispatch only work whose blockers are gone and date is due.\n', 'requests': [{'method': 'GET', 'path': '/api/v4/projects/group%2Fproject/merge_requests/7?include_diverged_commits_count=true&include_rebase_in_progress=true&render_html=true', 'body': ''}, {'method': 'GET', 'path': '/api/v4/projects/group%2Fproject/merge_requests/7/approval_state', 'body': ''}], 'meta_retained': False, 'backlog': '## In flight\n\n## Queued\n## Done\n- [x] task-x1 - Disposable work (repo: project) (kind: ship) (done 2026-10-08)\n  GitLab merge request https://gitlab.example.test/group/project/-/merge_requests/7\n'}
ok: added task-x1 (ship, repo project) -> Queued
task:
  id: task-x1
  title: Disposable work
  state: queued
  blocked: no
  blocked_by: none
  held: no
  hold_reason: "-"
  hold_kind: "-"
  hold_until: "-"
  kind: ship
  repo: project
  priority: "-"
  created: 2026-10-08
  closed: "-"
  deps: none
  links: none
  body: ""
help[2]:
  - Run `tasks-axi start task-x1` to move it to in flight
  - Run `tasks-axi block task-x1 --by <other>` to record a dependency

lease A new version of treehouse is available: v3.1.1 → v3.1.2
Run "treehouse update" to update

🌳 Setting up worktree...
🌳 Leased worktree at /home/dimas/.no-mistakes/worktrees/a38bb9f09f5e/01M4DS4Q9EA0N68CM3Q1SX7CMA/.live-validation/cleanup-missing-head/pool/.treehouse/project-eabce5/1/project. Run 'treehouse return /home/dimas/.no-mistakes/worktrees/a38bb9f09f5e/01M4DS4Q9EA0N68CM3Q1SX7CMA/.live-validation/cleanup-missing-head/pool/.treehouse/project-eabce5/1/project' to release it.
{"path":"/home/dimas/.no-mistakes/worktrees/a38bb9f09f5e/01M4DS4Q9EA0N68CM3Q1SX7CMA/.live-validation/cleanup-missing-head/pool/.treehouse/project-eabce5/1/project","lease_id":"df18100cb799d232d5deabeb7d47050d","lease_holder":"","leased_at":"2026-10-08T10:16:38.301370565-03:00","base_branch":"main"}

{'head_missing_before': True, 'head_present_after': True, 'name': 'cleanup-missing-head', 'exit': 0, 'output': 'fm-gate-refuse: gate agent lifecycle permitted only against lab home /home/dimas/.no-mistakes/worktrees/a38bb9f09f5e/01M4DS4Q9EA0N68CM3Q1SX7CMA/.live-validation/cleanup-missing-head\n●━━━━━━━━━━━━━━━━━━━━━━━━━━━━━━━━━━━━━━━━━━━━━━━━━━━━━━━━━━━━━━━━━━━━━━━\n●  WATCHER DOWN - SUPERVISION IS OFF\n●  1 task(s) in flight, but no watcher has a fresh beacon (last beat: never, grace 300s).\n●  Trust the emitted supervision protocol for this harness; do not use shell & for watcher repair.\n●  This is a supervision warning only; the guarded operation WILL still run.\n●  repair missing watcher supervision according to the session-start block for this harness; do not use shell &.\n●━━━━━━━━━━━━━━━━━━━━━━━━━━━━━━━━━━━━━━━━━━━━━━━━━━━━━━━━━━━━━━━━━━━━━━━\nA new version of treehouse is available: v3.1.1 → v3.1.2\nRun "treehouse update" to update\n\n🌳 Worktree returned to pool.\nproject: already current\nteardown task-x1 complete (window none, worktree /home/dimas/.no-mistakes/worktrees/a38bb9f09f5e/01M4DS4Q9EA0N68CM3Q1SX7CMA/.live-validation/cleanup-missing-head/pool/.treehouse/project-eabce5/1/project, legacy record accepted without spawn_gen: endpoint missing, incarnation legacy-20261008T131639Z-848054)\nBacklog: task-x1 is closed in /home/dimas/.no-mistakes/worktrees/a38bb9f09f5e/01M4DS4Q9EA0N68CM3Q1SX7CMA/.live-validation/cleanup-missing-head/data/backlog.md. Run bin/fm-tasks-axi.sh ready for dependency-cleared candidates, check date gates, and dispatch only work whose blockers are gone and date is due.\n', 'requests': [{'method': 'GET', 'path': '/api/v4/projects/group%2Fproject/merge_requests/7?include_diverged_commits_count=true&include_rebase_in_progress=true&render_html=true', 'body': ''}, {'method': 'GET', 'path': '/api/v4/projects/group%2Fproject/merge_requests/7/approval_state', 'body': ''}], 'meta_retained': False, 'backlog': '## In flight\n\n## Queued\n## Done\n- [x] task-x1 - Disposable work (repo: project) (kind: ship) (done 2026-10-08)\n  GitLab merge request https://gitlab.example.test/group/project/-/merge_requests/7\n'}
ok: added task-x1 (ship, repo project) -> Queued
task:
  id: task-x1
  title: Disposable work
  state: queued
  blocked: no
  blocked_by: none
  held: no
  hold_reason: "-"
  hold_kind: "-"
  hold_until: "-"
  kind: ship
  repo: project
  priority: "-"
  created: 2026-10-08
  closed: "-"
  deps: none
  links: none
  body: ""
help[2]:
  - Run `tasks-axi start task-x1` to move it to in flight
  - Run `tasks-axi block task-x1 --by <other>` to record a dependency

lease A new version of treehouse is available: v3.1.1 → v3.1.2
Run "treehouse update" to update

🌳 Setting up worktree...
🌳 Leased worktree at /home/dimas/.no-mistakes/worktrees/a38bb9f09f5e/01M4DS4Q9EA0N68CM3Q1SX7CMA/.live-validation/cleanup-unrelated-head/pool/.treehouse/project-88ca0b/1/project. Run 'treehouse return /home/dimas/.no-mistakes/worktrees/a38bb9f09f5e/01M4DS4Q9EA0N68CM3Q1SX7CMA/.live-validation/cleanup-unrelated-head/pool/.treehouse/project-88ca0b/1/project' to release it.
{"path":"/home/dimas/.no-mistakes/worktrees/a38bb9f09f5e/01M4DS4Q9EA0N68CM3Q1SX7CMA/.live-validation/cleanup-unrelated-head/pool/.treehouse/project-88ca0b/1/project","lease_id":"e8b14546d55c2ec55963b234cc5416f8","lease_holder":"","leased_at":"2026-10-08T10:16:41.593157649-03:00","base_branch":"main"}

{'head_missing_before': False, 'head_present_after': True, 'name': 'cleanup-unrelated-head', 'exit': 1, 'output': "fm-gate-refuse: gate agent lifecycle permitted only against lab home /home/dimas/.no-mistakes/worktrees/a38bb9f09f5e/01M4DS4Q9EA0N68CM3Q1SX7CMA/.live-validation/cleanup-unrelated-head\n●━━━━━━━━━━━━━━━━━━━━━━━━━━━━━━━━━━━━━━━━━━━━━━━━━━━━━━━━━━━━━━━━━━━━━━━\n●  WATCHER DOWN - SUPERVISION IS OFF\n●  1 task(s) in flight, but no watcher has a fresh beacon (last beat: never, grace 300s).\n●  Trust the emitted supervision protocol for this harness; do not use shell & for watcher repair.\n●  This is a supervision warning only; the guarded operation WILL still run.\n●  repair missing watcher supervision according to the session-start block for this harness; do not use shell &.\n●━━━━━━━━━━━━━━━━━━━━━━━━━━━━━━━━━━━━━━━━━━━━━━━━━━━━━━━━━━━━━━━━━━━━━━━\nREFUSED: worktree /home/dimas/.no-mistakes/worktrees/a38bb9f09f5e/01M4DS4Q9EA0N68CM3Q1SX7CMA/.live-validation/cleanup-unrelated-head/pool/.treehouse/project-88ca0b/1/project has work not on any remote and not landed.\nunpushed commits:\neb86df7 work\nPush the branch, land its PR, or get the captain's explicit OK to discard, then --force.\n", 'requests': [{'method': 'GET', 'path': '/api/v4/projects/group%2Fproject/merge_requests/7?include_diverged_commits_count=true&include_rebase_in_progress=true&render_html=true', 'body': ''}, {'method': 'GET', 'path': '/api/v4/projects/group%2Fproject/merge_requests/7/approval_state', 'body': ''}], 'meta_retained': True, 'backlog': '## In flight\n\n## Queued\n- [ ] task-x1 - Disposable work (repo: project) (kind: ship) (since 2026-10-08)\n\n## Done\n'}
